== start Sun Sep 27 06:45:28 UTC 2026
== 1. correctness on this instance
ALL OK
== 2. cuBLAS workspace (fresh process: nothing has called cuBLAS yet)
cublas CUBLAS_WORKSPACE_CONFIG: None
cublas context_baseline_mib: 0.0
cublas ours_B_first_call_growth_mib: 0.012
cublas dense_first_call_growth_mib: 32.0
cublas freed_by_clearCublasWorkspaces_mib: 32.0
cublas reference_first_call_growth_mib: 32.0
wrote results/h100/graphs/cublas.json
== 3. single layer, eager vs one CUDA graph, every method, five cases
single R= 8 T= 1 dense  eager     9.91  graph     5.23 µs/call   graph out max|err| 1.45e-03 ok
single R= 8 T= 1 ref    eager   140.09  graph    21.23 µs/call   graph out max|err| 1.33e-03 ok
single R= 8 T= 1 B      eager     8.25  graph     6.96 µs/call   graph out max|err| 1.33e-03 ok
single R= 8 T= 1 A      eager    11.72  graph     7.29 µs/call   graph out max|err| 1.33e-03 ok
single R= 8 T= 8 dense  eager     9.83  graph     5.09 µs/call   graph out max|err| 1.68e-03 ok
single R= 8 T= 8 ref    eager   146.03  graph    31.61 µs/call   graph out max|err| 1.82e-03 ok
single R= 8 T= 8 B      eager    23.61  graph    22.03 µs/call   graph out max|err| 1.82e-03 ok
single R= 8 T= 8 A      eager    26.24  graph    22.47 µs/call   graph out max|err| 1.82e-03 ok
single R= 8 T=32 dense  eager     9.53  graph     5.39 µs/call   graph out max|err| 1.78e-03 ok
single R= 8 T=32 ref    eager   147.97  graph    60.80 µs/call   graph out max|err| 1.93e-03 ok
single R= 8 T=32 B      eager    49.37  graph    47.89 µs/call   graph out max|err| 1.93e-03 ok
single R= 8 T=32 A      eager    50.73  graph    47.00 µs/call   graph out max|err| 1.93e-03 ok
single R=16 T= 1 dense  eager     9.70  graph     5.40 µs/call   graph out max|err| 1.79e-03 ok
single R=16 T= 1 ref    eager   146.47  graph    26.62 µs/call   graph out max|err| 1.44e-03 ok
single R=16 T= 1 B      eager    11.01  graph     9.80 µs/call   graph out max|err| 1.44e-03 ok
single R=16 T= 1 A      eager    14.05  graph    10.73 µs/call   graph out max|err| 1.44e-03 ok
single R=16 T=32 dense  eager     9.67  graph     5.66 µs/call   graph out max|err| 1.89e-03 ok
single R=16 T=32 ref    eager   213.76  graph   199.76 µs/call   graph out max|err| 1.77e-03 ok
single R=16 T=32 B      eager   124.99  graph   121.96 µs/call   graph out max|err| 1.92e-03 ok
single R=16 T=32 A      eager   124.51  graph   120.74 µs/call   graph out max|err| 1.92e-03 ok
wrote results/h100/graphs/single.json
== 4. cold L2: kernel-only time with the L2 flushed before each call
cold: flush kernel(s) excluded: ['void at::native::vectorized_elementwise_kernel<4, at::native::AUnaryFunctor<float, float, float, at::native::binary_internal::MulFunctor<float> >, std::array<char*, 2ul>, false>(int, at::native::AUnaryFunctor<float, float, float, at::native::binary_internal::MulFunctor<float> >, std::array<char*, 2ul>)']
cold R= 8 T= 1 dense  kernels warm L2     4.97  cold L2     7.87 µs/call
cold R= 8 T= 1 B      kernels warm L2     6.84  cold L2     7.17 µs/call
cold R= 8 T= 1 ref    kernels warm L2    20.32  cold L2    22.52 µs/call
cold R= 8 T= 8 dense  kernels warm L2     4.82  cold L2     7.84 µs/call
cold R= 8 T= 8 B      kernels warm L2    22.09  cold L2    23.89 µs/call
cold R= 8 T= 8 ref    kernels warm L2    30.94  cold L2    34.16 µs/call
cold R= 8 T=32 dense  kernels warm L2     5.00  cold L2     8.00 µs/call
cold R= 8 T=32 B      kernels warm L2    48.47  cold L2    50.39 µs/call
cold R= 8 T=32 ref    kernels warm L2    59.61  cold L2    59.84 µs/call
cold R=16 T= 1 dense  kernels warm L2     4.93  cold L2     7.79 µs/call
cold R=16 T= 1 B      kernels warm L2     9.81  cold L2    10.22 µs/call
cold R=16 T= 1 ref    kernels warm L2    26.38  cold L2    30.30 µs/call
cold R=16 T=32 dense  kernels warm L2     5.02  cold L2     8.08 µs/call
cold R=16 T=32 B      kernels warm L2   125.93  cold L2   128.79 µs/call
cold R=16 T=32 ref    kernels warm L2   198.19  cold L2   199.32 µs/call
wrote results/h100/graphs/cold.json
== 5. chain of L distinct layers (R 8/16, T 1/8, L 1/8/32/128), eager and one graph
chain R= 8 T= 1 L=   1 dense  eager    22.14  graph     9.22 µs/layer   max|err| 1.60e-03 ok
chain R= 8 T= 1 L=   8 dense  eager    11.28  graph     7.12 µs/layer   max|err| 1.74e-03 ok
chain R= 8 T= 1 L=  32 dense  eager     9.86  graph     6.81 µs/layer   max|err| 1.60e-03 ok
chain R= 8 T= 1 L= 128 dense  eager     9.38  graph     6.73 µs/layer   max|err| 1.60e-03 ok
chain R= 8 T= 8 L=   1 dense  eager    19.81  graph     8.45 µs/layer   max|err| 1.84e-03 ok
chain R= 8 T= 8 L=   8 dense  eager    10.34  graph     7.26 µs/layer   max|err| 1.84e-03 ok
chain R= 8 T= 8 L=  32 dense  eager     9.66  graph     6.93 µs/layer   max|err| 1.84e-03 ok
chain R= 8 T= 8 L= 128 dense  eager     9.48  graph     6.82 µs/layer   max|err| 1.84e-03 ok
chain R= 8 T= 1 L=   1 B      eager    16.35  graph    10.69 µs/layer   max|err| 1.60e-03 ok
chain R= 8 T= 1 L=   8 B      eager     8.68  graph     7.41 µs/layer   max|err| 1.60e-03 ok
chain R= 8 T= 1 L=  32 B      eager     8.13  graph     6.89 µs/layer   max|err| 2.26e-03 ok
chain R= 8 T= 1 L= 128 B      eager     7.90  graph     7.00 µs/layer   max|err| 1.60e-03 ok
chain R= 8 T= 8 L=   1 B      eager    29.70  graph    25.41 µs/layer   max|err| 2.14e-03 ok
chain R= 8 T= 8 L=   8 B      eager    23.84  graph    22.14 µs/layer   max|err| 2.28e-03 ok
chain R= 8 T= 8 L=  32 B      eager    23.12  graph    21.80 µs/layer   max|err| 2.14e-03 ok
chain R= 8 T= 8 L= 128 B      eager    24.43  graph    23.14 µs/layer   max|err| 2.14e-03 ok
chain R= 8 T= 1 L=   1 A      eager    19.49  graph    10.91 µs/layer   max|err| 1.40e-03 ok
chain R= 8 T= 1 L=   8 A      eager    12.76  graph     7.68 µs/layer   max|err| 1.40e-03 ok
chain R= 8 T= 1 L=  32 A      eager    11.88  graph     7.31 µs/layer   max|err| 2.02e-03 ok
chain R= 8 T= 1 L= 128 A      eager    11.70  graph     7.57 µs/layer   max|err| 1.47e-03 ok
chain R= 8 T= 8 L=   1 A      eager    33.60  graph    26.50 µs/layer   max|err| 2.20e-03 ok
chain R= 8 T= 8 L=   8 A      eager    26.32  graph    22.46 µs/layer   max|err| 2.20e-03 ok
chain R= 8 T= 8 L=  32 A      eager    25.78  graph    22.09 µs/layer   max|err| 2.20e-03 ok
chain R= 8 T= 8 L= 128 A      eager    26.01  graph    23.85 µs/layer   max|err| 2.20e-03 ok
chain R= 8 T= 1 L=   1 ref    eager   186.53  graph    25.18 µs/layer   max|err| 1.47e-03 ok
chain R= 8 T= 1 L=   8 ref    eager   147.44  graph    21.36 µs/layer   max|err| 1.82e-03 ok
chain R= 8 T= 1 L=  32 ref    eager   142.77  graph    21.11 µs/layer   max|err| 1.47e-03 ok
chain R= 8 T= 1 L= 128 ref    eager   140.08  graph    21.11 µs/layer   max|err| 1.61e-03 ok
chain R= 8 T= 8 L=   1 ref    eager   186.50  graph    35.30 µs/layer   max|err| 1.69e-03 ok
chain R= 8 T= 8 L=   8 ref    eager   150.48  graph    31.84 µs/layer   max|err| 2.20e-03 ok
chain R= 8 T= 8 L=  32 ref    eager   146.41  graph    31.48 µs/layer   max|err| 1.89e-03 ok
chain R= 8 T= 8 L= 128 ref    eager   145.04  graph    33.16 µs/layer   max|err| 1.69e-03 ok
chain R=16 T= 1 L=   1 dense  eager    20.35  graph     8.80 µs/layer   max|err| 1.77e-03 ok
chain R=16 T= 1 L=   8 dense  eager    11.02  graph     7.13 µs/layer   max|err| 1.77e-03 ok
chain R=16 T= 1 L=  32 dense  eager     9.39  graph     6.80 µs/layer   max|err| 1.77e-03 ok
chain R=16 T= 1 L= 128 dense  eager     9.36  graph     6.69 µs/layer   max|err| 1.77e-03 ok
chain R=16 T= 8 L=   1 dense  eager    19.30  graph     8.42 µs/layer   max|err| 1.73e-03 ok
chain R=16 T= 8 L=   8 dense  eager    10.15  graph     7.21 µs/layer   max|err| 1.73e-03 ok
chain R=16 T= 8 L=  32 dense  eager     9.46  graph     6.94 µs/layer   max|err| 1.73e-03 ok
chain R=16 T= 8 L= 128 dense  eager     9.28  graph     6.83 µs/layer   max|err| 1.90e-03 ok
chain R=16 T= 1 L=   1 B      eager    17.38  graph    12.74 µs/layer   max|err| 1.37e-03 ok
chain R=16 T= 1 L=   8 B      eager    11.38  graph     9.71 µs/layer   max|err| 1.65e-03 ok
chain R=16 T= 1 L=  32 B      eager    10.70  graph     9.41 µs/layer   max|err| 1.75e-03 ok
chain R=16 T= 1 L= 128 B      eager    10.80  graph     9.82 µs/layer   max|err| 1.37e-03 ok
chain R=16 T= 8 L=   1 B      eager    58.14  graph    53.57 µs/layer   max|err| 1.50e-03 ok
chain R=16 T= 8 L=   8 B      eager    52.17  graph    50.29 µs/layer   max|err| 1.84e-03 ok
chain R=16 T= 8 L=  32 B      eager    51.40  graph    50.06 µs/layer   max|err| 1.73e-03 ok
chain R=16 T= 8 L= 128 B      eager    52.40  graph    50.11 µs/layer   max|err| 1.67e-03 ok
chain R=16 T= 1 L=   1 A      eager    21.82  graph    14.14 µs/layer   max|err| 1.63e-03 ok
chain R=16 T= 1 L=   8 A      eager    14.46  graph    10.57 µs/layer   max|err| 1.63e-03 ok
chain R=16 T= 1 L=  32 A      eager    13.42  graph    10.30 µs/layer   max|err| 1.63e-03 ok
chain R=16 T= 1 L= 128 A      eager    13.62  graph    11.10 µs/layer   max|err| 1.63e-03 ok
chain R=16 T= 8 L=   1 A      eager    59.42  graph    52.32 µs/layer   max|err| 2.19e-03 ok
chain R=16 T= 8 L=   8 A      eager    52.69  graph    48.57 µs/layer   max|err| 2.19e-03 ok
chain R=16 T= 8 L=  32 A      eager    51.81  graph    48.10 µs/layer   max|err| 2.19e-03 ok
chain R=16 T= 8 L= 128 A      eager    52.56  graph    49.33 µs/layer   max|err| 2.19e-03 ok
chain R=16 T= 1 L=   1 ref    eager   190.05  graph    29.66 µs/layer   max|err| 1.59e-03 ok
chain R=16 T= 1 L=   8 ref    eager   148.68  graph    26.58 µs/layer   max|err| 1.59e-03 ok
chain R=16 T= 1 L=  32 ref    eager   145.69  graph    26.68 µs/layer   max|err| 1.59e-03 ok
chain R=16 T= 1 L= 128 ref    eager   143.82  graph    31.58 µs/layer   max|err| 1.59e-03 ok
chain R=16 T= 8 L=   1 ref    eager   197.22  graph    68.86 µs/layer   max|err| 1.93e-03 ok
chain R=16 T= 8 L=   8 ref    eager   155.38  graph    66.76 µs/layer   max|err| 1.93e-03 ok
chain R=16 T= 8 L=  32 ref    eager   152.53  graph    66.59 µs/layer   max|err| 1.93e-03 ok
chain R=16 T= 8 L= 128 ref    eager   150.46  graph    66.60 µs/layer   max|err| 1.93e-03 ok
wrote results/h100/graphs/chain.json
== 6. README harness again, design B: same numbers on another machine?
tokens=1 dense: host=0.0185 ms; CUDA stream=0.009895999729633332 ms; steady allocated peak=44623872 bytes
tokens=1 factorized_reference: host=0.1542 ms; CUDA stream=0.14705599546432496 ms; steady allocated peak=34707456 bytes
tokens=1 factorized_optimized: host=0.0167 ms; CUDA stream=0.00828320011496544 ms; steady allocated peak=318464 bytes
tokens=8 dense: host=0.0187 ms; CUDA stream=0.010158400237560272 ms; steady allocated peak=44690432 bytes
tokens=8 factorized_reference: host=0.1588 ms; CUDA stream=0.14937280416488646 ms; steady allocated peak=42045440 bytes
tokens=8 factorized_optimized: host=0.0327 ms; CUDA stream=0.02335519939661026 ms; steady allocated peak=465408 bytes
tokens=32 dense: host=0.0190 ms; CUDA stream=0.00971359983086586 ms; steady allocated peak=44920832 bytes
tokens=32 factorized_reference: host=0.1550 ms; CUDA stream=0.1469231963157654 ms; steady allocated peak=68777984 bytes
tokens=32 factorized_optimized: host=0.0591 ms; CUDA stream=0.04973439872264862 ms; steady allocated peak=972288 bytes
tokens=1 dense: host=0.0185 ms; CUDA stream=0.010326399654150008 ms; steady allocated peak=44623872 bytes
tokens=1 factorized_reference: host=0.1514 ms; CUDA stream=0.14503200054168702 ms; steady allocated peak=38154240 bytes
tokens=1 factorized_optimized: host=0.0192 ms; CUDA stream=0.010622400045394897 ms; steady allocated peak=817152 bytes
tokens=32 dense: host=0.0187 ms; CUDA stream=0.009769599884748459 ms; steady allocated peak=44920832 bytes
tokens=32 factorized_reference: host=0.2632 ms; CUDA stream=0.21437599658966064 ms; steady allocated peak=170409984 bytes
tokens=32 factorized_optimized: host=0.1356 ms; CUDA stream=0.1262336015701294 ms; steady allocated peak=1470976 bytes
== end Sun Sep 27 06:46:18 UTC 2026
