== session start Sat Sep 26 14:33:40 UTC 2026
== 0. environment
== 1. harness, the README's two commands, once per design
USDT:2026-09-26 14:33:44 6237:6237 SyncActivityProfilerHandler.cpp:39] profiler_start
USDT:2026-09-26 14:33:44 6237:6237 SyncActivityProfilerHandler.cpp:46] profiler_stop
tokens=1 dense: host=0.0181 ms; CUDA stream=0.01063840016722679 ms; steady allocated peak=44623872 bytes
USDT:2026-09-26 14:33:47 6279:6279 SyncActivityProfilerHandler.cpp:39] profiler_start
USDT:2026-09-26 14:33:47 6279:6279 SyncActivityProfilerHandler.cpp:46] profiler_stop
tokens=1 factorized_reference: host=0.1158 ms; CUDA stream=0.11201280355453491 ms; steady allocated peak=34707456 bytes
USDT:2026-09-26 14:33:50 6321:6321 SyncActivityProfilerHandler.cpp:39] profiler_start
USDT:2026-09-26 14:33:50 6321:6321 SyncActivityProfilerHandler.cpp:46] profiler_stop
tokens=1 factorized_optimized: host=0.0244 ms; CUDA stream=0.014190399646759033 ms; steady allocated peak=317952 bytes
tokens=8 dense: host=0.0180 ms; CUDA stream=0.010443200170993806 ms; steady allocated peak=44690432 bytes
tokens=8 factorized_reference: host=0.1241 ms; CUDA stream=0.11897120475769044 ms; steady allocated peak=42045440 bytes
tokens=8 factorized_optimized: host=0.0367 ms; CUDA stream=0.025975999236106873 ms; steady allocated peak=464896 bytes
tokens=32 dense: host=0.0180 ms; CUDA stream=0.01074879989027977 ms; steady allocated peak=44920832 bytes
tokens=32 factorized_reference: host=0.1212 ms; CUDA stream=0.11865760087966919 ms; steady allocated peak=68777984 bytes
tokens=32 factorized_optimized: host=0.0611 ms; CUDA stream=0.0503711998462677 ms; steady allocated peak=971776 bytes
Wrote results/h100/A/rank8.json
USDT:2026-09-26 14:34:08 6637:6637 SyncActivityProfilerHandler.cpp:39] profiler_start
USDT:2026-09-26 14:34:08 6637:6637 SyncActivityProfilerHandler.cpp:46] profiler_stop
tokens=1 dense: host=0.0181 ms; CUDA stream=0.010814400017261505 ms; steady allocated peak=44623872 bytes
USDT:2026-09-26 14:34:11 6679:6679 SyncActivityProfilerHandler.cpp:39] profiler_start
USDT:2026-09-26 14:34:11 6679:6679 SyncActivityProfilerHandler.cpp:46] profiler_stop
tokens=1 factorized_reference: host=0.1229 ms; CUDA stream=0.11892800331115723 ms; steady allocated peak=38154240 bytes
USDT:2026-09-26 14:34:14 6721:6721 SyncActivityProfilerHandler.cpp:39] profiler_start
USDT:2026-09-26 14:34:14 6721:6721 SyncActivityProfilerHandler.cpp:46] profiler_stop
tokens=1 factorized_optimized: host=0.0294 ms; CUDA stream=0.01900479942560196 ms; steady allocated peak=816640 bytes
tokens=32 dense: host=0.0181 ms; CUDA stream=0.010713600367307664 ms; steady allocated peak=44920832 bytes
tokens=32 factorized_reference: host=0.2456 ms; CUDA stream=0.21200640201568605 ms; steady allocated peak=170409984 bytes
tokens=32 factorized_optimized: host=0.1379 ms; CUDA stream=0.12660000324249268 ms; steady allocated peak=1470464 bytes
Wrote results/h100/A/rank16.json
USDT:2026-09-26 14:34:26 6918:6918 SyncActivityProfilerHandler.cpp:39] profiler_start
USDT:2026-09-26 14:34:26 6918:6918 SyncActivityProfilerHandler.cpp:46] profiler_stop
tokens=1 dense: host=0.0179 ms; CUDA stream=0.010476800054311753 ms; steady allocated peak=44623872 bytes
USDT:2026-09-26 14:34:29 6960:6960 SyncActivityProfilerHandler.cpp:39] profiler_start
USDT:2026-09-26 14:34:29 6960:6960 SyncActivityProfilerHandler.cpp:46] profiler_stop
tokens=1 factorized_reference: host=0.1162 ms; CUDA stream=0.11284639835357665 ms; steady allocated peak=34707456 bytes
USDT:2026-09-26 14:34:32 7002:7002 SyncActivityProfilerHandler.cpp:39] profiler_start
USDT:2026-09-26 14:34:32 7002:7002 SyncActivityProfilerHandler.cpp:46] profiler_stop
tokens=1 factorized_optimized: host=0.0218 ms; CUDA stream=0.013532799482345582 ms; steady allocated peak=318464 bytes
tokens=8 dense: host=0.0179 ms; CUDA stream=0.010897599905729295 ms; steady allocated peak=44690432 bytes
tokens=8 factorized_reference: host=0.1225 ms; CUDA stream=0.12044639587402343 ms; steady allocated peak=42045440 bytes
tokens=8 factorized_optimized: host=0.0335 ms; CUDA stream=0.025196799635887147 ms; steady allocated peak=465408 bytes
tokens=32 dense: host=0.0180 ms; CUDA stream=0.010438399761915207 ms; steady allocated peak=44920832 bytes
tokens=32 factorized_reference: host=0.1232 ms; CUDA stream=0.12218719720840454 ms; steady allocated peak=68777984 bytes
tokens=32 factorized_optimized: host=0.0648 ms; CUDA stream=0.05655840039253235 ms; steady allocated peak=972288 bytes
Wrote results/h100/B/rank8.json
USDT:2026-09-26 14:34:50 7318:7318 SyncActivityProfilerHandler.cpp:39] profiler_start
USDT:2026-09-26 14:34:50 7318:7318 SyncActivityProfilerHandler.cpp:46] profiler_stop
tokens=1 dense: host=0.0179 ms; CUDA stream=0.010731200128793717 ms; steady allocated peak=44623872 bytes
USDT:2026-09-26 14:34:53 7360:7360 SyncActivityProfilerHandler.cpp:39] profiler_start
USDT:2026-09-26 14:34:53 7360:7360 SyncActivityProfilerHandler.cpp:46] profiler_stop
tokens=1 factorized_reference: host=0.1186 ms; CUDA stream=0.1156432032585144 ms; steady allocated peak=38154240 bytes
USDT:2026-09-26 14:34:56 7402:7402 SyncActivityProfilerHandler.cpp:39] profiler_start
USDT:2026-09-26 14:34:56 7402:7402 SyncActivityProfilerHandler.cpp:46] profiler_stop
tokens=1 factorized_optimized: host=0.0261 ms; CUDA stream=0.018092800676822663 ms; steady allocated peak=817152 bytes
tokens=32 dense: host=0.0183 ms; CUDA stream=0.010539200156927109 ms; steady allocated peak=44920832 bytes
tokens=32 factorized_reference: host=0.2464 ms; CUDA stream=0.210263991355896 ms; steady allocated peak=170409984 bytes
tokens=32 factorized_optimized: host=0.1415 ms; CUDA stream=0.13293440341949464 ms; steady allocated peak=1470976 bytes
Wrote results/h100/B/rank16.json
== 2. floors, kernel-only time, % of ceilings (+ torch.compile bonus)
USDT:2026-09-26 14:35:06 7567:7567 SyncActivityProfilerHandler.cpp:39] profiler_start
USDT:2026-09-26 14:35:06 7567:7567 SyncActivityProfilerHandler.cpp:46] profiler_stop
USDT:2026-09-26 14:35:06 7567:7567 SyncActivityProfilerHandler.cpp:39] profiler_start
USDT:2026-09-26 14:35:06 7567:7567 SyncActivityProfilerHandler.cpp:46] profiler_stop
USDT:2026-09-26 14:35:06 7567:7567 SyncActivityProfilerHandler.cpp:39] profiler_start
USDT:2026-09-26 14:35:06 7567:7567 SyncActivityProfilerHandler.cpp:46] profiler_stop
USDT:2026-09-26 14:35:06 7567:7567 SyncActivityProfilerHandler.cpp:39] profiler_start
USDT:2026-09-26 14:35:06 7567:7567 SyncActivityProfilerHandler.cpp:46] profiler_stop
USDT:2026-09-26 14:35:06 7567:7567 SyncActivityProfilerHandler.cpp:39] profiler_start
USDT:2026-09-26 14:35:06 7567:7567 SyncActivityProfilerHandler.cpp:46] profiler_stop
In file included from /root/.local/share/uv/python/cpython-3.12.14-linux-x86_64-gnu/include/python3.12/Python.h:12,
                 from /root/kernel-task/.venv/lib/python3.12/site-packages/triton/backends/nvidia/driver.c:9:
/root/.local/share/uv/python/cpython-3.12.14-linux-x86_64-gnu/include/python3.12/pyconfig.h:1877:9: warning: ‘_POSIX_C_SOURCE’ redefined
 1877 | #define _POSIX_C_SOURCE 200809L
      |         ^~~~~~~~~~~~~~~
In file included from /usr/include/x86_64-linux-gnu/bits/libc-header-start.h:33,
                 from /usr/include/stdlib.h:26,
                 from /root/kernel-task/.venv/lib/python3.12/site-packages/triton/backends/nvidia/include/cuda.h:56,
                 from /root/kernel-task/.venv/lib/python3.12/site-packages/triton/backends/nvidia/driver.c:1:
/usr/include/features.h:319:10: note: this is the location of the previous definition
  319 | # define _POSIX_C_SOURCE        202405L
      |          ^~~~~~~~~~~~~~~
USDT:2026-09-26 14:35:12 7567:7567 SyncActivityProfilerHandler.cpp:39] profiler_start
USDT:2026-09-26 14:35:12 7567:7567 SyncActivityProfilerHandler.cpp:46] profiler_stop
USDT:2026-09-26 14:35:12 7567:7567 SyncActivityProfilerHandler.cpp:39] profiler_start
USDT:2026-09-26 14:35:12 7567:7567 SyncActivityProfilerHandler.cpp:46] profiler_stop
USDT:2026-09-26 14:35:12 7567:7567 SyncActivityProfilerHandler.cpp:39] profiler_start
USDT:2026-09-26 14:35:12 7567:7567 SyncActivityProfilerHandler.cpp:46] profiler_stop
USDT:2026-09-26 14:35:12 7567:7567 SyncActivityProfilerHandler.cpp:39] profiler_start
USDT:2026-09-26 14:35:12 7567:7567 SyncActivityProfilerHandler.cpp:46] profiler_stop
USDT:2026-09-26 14:35:12 7567:7567 SyncActivityProfilerHandler.cpp:39] profiler_start
USDT:2026-09-26 14:35:12 7567:7567 SyncActivityProfilerHandler.cpp:46] profiler_stop
USDT:2026-09-26 14:35:13 7567:7567 SyncActivityProfilerHandler.cpp:39] profiler_start
USDT:2026-09-26 14:35:13 7567:7567 SyncActivityProfilerHandler.cpp:46] profiler_stop
USDT:2026-09-26 14:35:13 7567:7567 SyncActivityProfilerHandler.cpp:39] profiler_start
USDT:2026-09-26 14:35:13 7567:7567 SyncActivityProfilerHandler.cpp:46] profiler_stop
USDT:2026-09-26 14:35:13 7567:7567 SyncActivityProfilerHandler.cpp:39] profiler_start
USDT:2026-09-26 14:35:13 7567:7567 SyncActivityProfilerHandler.cpp:46] profiler_stop
USDT:2026-09-26 14:35:13 7567:7567 SyncActivityProfilerHandler.cpp:39] profiler_start
USDT:2026-09-26 14:35:13 7567:7567 SyncActivityProfilerHandler.cpp:46] profiler_stop
USDT:2026-09-26 14:35:13 7567:7567 SyncActivityProfilerHandler.cpp:39] profiler_start
USDT:2026-09-26 14:35:13 7567:7567 SyncActivityProfilerHandler.cpp:46] profiler_stop
USDT:2026-09-26 14:35:13 7567:7567 SyncActivityProfilerHandler.cpp:39] profiler_start
USDT:2026-09-26 14:35:13 7567:7567 SyncActivityProfilerHandler.cpp:46] profiler_stop
USDT:2026-09-26 14:35:13 7567:7567 SyncActivityProfilerHandler.cpp:39] profiler_start
USDT:2026-09-26 14:35:13 7567:7567 SyncActivityProfilerHandler.cpp:46] profiler_stop
USDT:2026-09-26 14:35:13 7567:7567 SyncActivityProfilerHandler.cpp:39] profiler_start
USDT:2026-09-26 14:35:13 7567:7567 SyncActivityProfilerHandler.cpp:46] profiler_stop
USDT:2026-09-26 14:35:13 7567:7567 SyncActivityProfilerHandler.cpp:39] profiler_start
USDT:2026-09-26 14:35:13 7567:7567 SyncActivityProfilerHandler.cpp:46] profiler_stop
USDT:2026-09-26 14:35:13 7567:7567 SyncActivityProfilerHandler.cpp:39] profiler_start
USDT:2026-09-26 14:35:13 7567:7567 SyncActivityProfilerHandler.cpp:46] profiler_stop
USDT:2026-09-26 14:35:16 7567:7567 SyncActivityProfilerHandler.cpp:39] profiler_start
USDT:2026-09-26 14:35:16 7567:7567 SyncActivityProfilerHandler.cpp:46] profiler_stop
USDT:2026-09-26 14:35:16 7567:7567 SyncActivityProfilerHandler.cpp:39] profiler_start
USDT:2026-09-26 14:35:16 7567:7567 SyncActivityProfilerHandler.cpp:46] profiler_stop
USDT:2026-09-26 14:35:16 7567:7567 SyncActivityProfilerHandler.cpp:39] profiler_start
USDT:2026-09-26 14:35:16 7567:7567 SyncActivityProfilerHandler.cpp:46] profiler_stop
USDT:2026-09-26 14:35:16 7567:7567 SyncActivityProfilerHandler.cpp:39] profiler_start
USDT:2026-09-26 14:35:16 7567:7567 SyncActivityProfilerHandler.cpp:46] profiler_stop
USDT:2026-09-26 14:35:16 7567:7567 SyncActivityProfilerHandler.cpp:39] profiler_start
USDT:2026-09-26 14:35:16 7567:7567 SyncActivityProfilerHandler.cpp:46] profiler_stop
USDT:2026-09-26 14:35:19 7567:7567 SyncActivityProfilerHandler.cpp:39] profiler_start
USDT:2026-09-26 14:35:19 7567:7567 SyncActivityProfilerHandler.cpp:46] profiler_stop
floors: {"host_empty_extension_call_us": 0.26, "host_empty_launch_call_us": 2.65, "stream_empty_kernel_us": 3.0, "kernel_empty_us": 0.87}
R= 8 T= 1 ref stream   150.58 µs/call   kernels    20.53 µs (4 kinds)   fused    20.53 µs    0.2% TC   0.14% HBM
R= 8 T= 1 dense stream    13.57 µs/call   kernels     4.95 µs (1 kinds)   fused     4.95 µs    0.2% TC   0.59% HBM
R= 8 T= 1 A   stream    19.96 µs/call   kernels    10.59 µs (3 kinds)   fused     8.37 µs    0.5% TC   0.35% HBM
R= 8 T= 1 B   stream    13.87 µs/call   kernels    12.33 µs (1 kinds)   fused    12.33 µs    0.3% TC   0.24% HBM
R= 8 T= 1 compile stream   105.93 µs/call   kernels    15.43 µs (8 kinds)   fused    15.43 µs    0.3% TC   0.19% HBM
R= 8 T= 8 ref stream   161.12 µs/call   kernels    30.76 µs (4 kinds)   fused    30.76 µs    1.0% TC   0.16% HBM
R= 8 T= 8 dense stream    13.47 µs/call   kernels     4.78 µs (1 kinds)   fused     4.78 µs    1.9% TC   1.04% HBM
R= 8 T= 8 A   stream    26.10 µs/call   kernels    22.17 µs (3 kinds)   fused    19.87 µs    1.6% TC   0.25% HBM
R= 8 T= 8 B   stream    25.35 µs/call   kernels    23.86 µs (1 kinds)   fused    23.86 µs    1.3% TC   0.21% HBM
R= 8 T= 8 compile stream   117.75 µs/call   kernels    21.69 µs (9 kinds)   fused    21.69 µs    1.5% TC   0.23% HBM
R= 8 T=32 ref stream   160.67 µs/call   kernels    59.50 µs (4 kinds)   fused    59.50 µs    2.2% TC   0.20% HBM
R= 8 T=32 dense stream    13.07 µs/call   kernels     4.98 µs (1 kinds)   fused     4.98 µs    7.2% TC   2.38% HBM
R= 8 T=32 A   stream    50.67 µs/call   kernels    46.75 µs (3 kinds)   fused    44.35 µs    2.9% TC   0.27% HBM
R= 8 T=32 B   stream    56.51 µs/call   kernels    55.04 µs (1 kinds)   fused    55.04 µs    2.3% TC   0.21% HBM
R= 8 T=32 compile stream   118.82 µs/call   kernels    37.28 µs (9 kinds)   fused    37.28 µs    3.5% TC   0.32% HBM
R=16 T= 1 ref stream   156.91 µs/call   kernels    26.23 µs (5 kinds)   fused    26.23 µs    1.1% TC   0.42% HBM
R=16 T= 1 dense stream    13.31 µs/call   kernels     4.98 µs (1 kinds)   fused     4.98 µs    0.2% TC   2.19% HBM
R=16 T= 1 A   stream    20.33 µs/call   kernels    15.09 µs (3 kinds)   fused    12.89 µs    2.2% TC   0.85% HBM
R=16 T= 1 B   stream    18.01 µs/call   kernels    16.65 µs (1 kinds)   fused    16.65 µs    1.7% TC   0.66% HBM
R=16 T= 1 compile stream   129.86 µs/call   kernels    25.82 µs (10 kinds)   fused    25.82 µs    1.1% TC   0.42% HBM
R=16 T=32 ref stream   211.25 µs/call   kernels   197.35 µs (5 kinds)   fused   197.35 µs    4.5% TC   0.10% HBM
R=16 T=32 dense stream    13.16 µs/call   kernels     5.17 µs (1 kinds)   fused     5.17 µs    6.9% TC   3.83% HBM
R=16 T=32 A   stream   127.49 µs/call   kernels   123.46 µs (3 kinds)   fused   121.07 µs    7.4% TC   0.16% HBM
R=16 T=32 B   stream   133.04 µs/call   kernels   131.30 µs (1 kinds)   fused   131.30 µs    6.8% TC   0.15% HBM
R=16 T=32 compile stream   239.94 µs/call   kernels   223.74 µs (11 kinds)   fused   223.74 µs    4.0% TC   0.09% HBM
wrote results/h100/kernels.json
== 4. Nsight Compute on the fused kernel (R=16 T=32 and R=8 T=1)
==PROF== Connected to process 7837 (/root/.local/share/uv/python/cpython-3.12.14-linux-x86_64-gnu/bin/python3.12)
==WARNING== Unable to access the following 6 metrics: ctc__rx_bytes_data_user.sum, ctc__rx_bytes_data_user.sum.pct_of_peak_sustained_elapsed, ctc__rx_bytes_data_user.sum.per_second, ctc__tx_bytes_data_user.sum, ctc__tx_bytes_data_user.sum.pct_of_peak_sustained_elapsed, ctc__tx_bytes_data_user.sum.per_second.


==PROF== Profiling "tr_ring_fused_kernel": 0%....50%....100% - 39 passes
tiling (kc, tt): (20, 4, 10)
==PROF== Disconnected from process 7837
==PROF== Report: /root/kernel-task/profiles/h100/fused_R16_T32.ncu-rep
==PROF== Connected to process 7946 (/root/.local/share/uv/python/cpython-3.12.14-linux-x86_64-gnu/bin/python3.12)
==WARNING== Unable to access the following 6 metrics: ctc__rx_bytes_data_user.sum, ctc__rx_bytes_data_user.sum.pct_of_peak_sustained_elapsed, ctc__rx_bytes_data_user.sum.per_second, ctc__tx_bytes_data_user.sum, ctc__tx_bytes_data_user.sum.pct_of_peak_sustained_elapsed, ctc__tx_bytes_data_user.sum.per_second.


==PROF== Profiling "tr_ring_fused_kernel": 0%....50%....100% - 39 passes
tiling (kc, tt): (2, 1, 4)
==PROF== Disconnected from process 7946
==PROF== Report: /root/kernel-task/profiles/h100/fused_R8_T1.ncu-rep
== session end Sat Sep 26 14:35:37 UTC 2026

Evidence is in results/h100 traces/h100 profiles/h100.
From the laptop:  bash tools/remote.sh pull   then commit and push there.
When the session is over: DELETE the instance in the Verda console.
