R= 8 T=1 L=   8 | stack     103.8 | v2_graph     163.2 | dense_graph      63.6 | dense_eager      93.0 | floor      26.4 | barriers      28.6 / cg      18.9 µs | err 8.4e-04
R= 8 T=1 L=  32 | stack     383.6 | v2_graph     646.0 | dense_graph     248.9 | dense_eager     374.1 | floor     105.6 | barriers      97.6 / cg      61.6 µs | err 1.8e-03
R= 8 T=1 L= 128 | stack    1575.0 | v2_graph    2635.1 | dense_graph     989.9 | dense_eager    1468.1 | floor     422.6 | barriers     372.4 / cg     231.3 µs | err 3.0e-03
R= 8 T=4 L=   8 | stack     165.2 | v2_graph     332.6 | dense_graph      62.5 | dense_eager      93.2 | floor      26.4 | barriers      27.0 / cg      17.6 µs | err 8.4e-04
R= 8 T=4 L=  32 | stack     640.1 | v2_graph    1329.5 | dense_graph     248.9 | dense_eager     371.6 | floor     105.6 | barriers      91.2 / cg      56.7 µs | err 1.8e-03
R= 8 T=4 L= 128 | stack    2624.5 | v2_graph    5452.9 | dense_graph     986.4 | dense_eager    1482.9 | floor     422.6 | barriers     349.1 / cg     213.2 µs | err 3.6e-03
  T=1 stack_us               12.30 µs/layer  (+   -1.5 µs fixed)
  T=1 v2_graph_us            20.63 µs/layer  (+   -7.3 µs fixed)
  T=1 dense_graph_us          7.72 µs/layer  (+    1.9 µs fixed)
  T=1 dense_eager_us         11.44 µs/layer  (+    4.4 µs fixed)
  T=1 barrier_ours_us         2.86 µs/layer  (+    5.8 µs fixed)
  T=1 barrier_cg_us           1.77 µs/layer  (+    4.9 µs fixed)
  T=1 dense_hbm_floor_us      3.30 µs/layer  (+    0.0 µs fixed)
  T=4 stack_us               20.54 µs/layer  (+   -7.2 µs fixed)
  T=4 v2_graph_us            42.75 µs/layer  (+  -22.3 µs fixed)
  T=4 dense_graph_us          7.69 µs/layer  (+    1.7 µs fixed)
  T=4 dense_eager_us         11.58 µs/layer  (+    0.8 µs fixed)
  T=4 barrier_ours_us         2.69 µs/layer  (+    5.4 µs fixed)
  T=4 barrier_cg_us           1.63 µs/layer  (+    4.6 µs fixed)
  T=4 dense_hbm_floor_us      3.30 µs/layer  (+    0.0 µs fixed)
wrote results/h100/stack/r8.json
