layer  0 mlp_gate     (17408, 5120)    170.0 MiB
layer  0 mlp_up       (17408, 5120)    170.0 MiB
layer  0 mlp_down     (5120, 17408)    170.0 MiB
layer  0 gdn_qkv      (10240, 5120)    100.0 MiB
layer  0 gdn_z        (6144, 5120)     60.0 MiB
layer  0 gdn_out      (5120, 6144)     60.0 MiB
layer  3 mlp_gate     (17408, 5120)    170.0 MiB
layer  3 mlp_up       (17408, 5120)    170.0 MiB
layer  3 mlp_down     (5120, 17408)    170.0 MiB
layer  3 attn_q_gate  (12288, 5120)    120.0 MiB
layer  3 attn_k       (1024, 5120)     10.0 MiB
layer  3 attn_v       (1024, 5120)     10.0 MiB
layer  3 o_proj       (5120, 6144)     60.0 MiB
layer  8 mlp_gate     (17408, 5120)    170.0 MiB
layer  8 mlp_up       (17408, 5120)    170.0 MiB
layer  8 mlp_down     (5120, 17408)    170.0 MiB
layer  8 gdn_qkv      (10240, 5120)    100.0 MiB
layer  8 gdn_z        (6144, 5120)     60.0 MiB
layer  8 gdn_out      (5120, 6144)     60.0 MiB
layer 15 mlp_gate     (17408, 5120)    170.0 MiB
layer 15 mlp_up       (17408, 5120)    170.0 MiB
layer 15 mlp_down     (5120, 17408)    170.0 MiB
layer 15 attn_q_gate  (12288, 5120)    120.0 MiB
layer 15 attn_k       (1024, 5120)     10.0 MiB
layer 15 attn_v       (1024, 5120)     10.0 MiB
layer 15 o_proj       (5120, 6144)     60.0 MiB
layer 20 mlp_gate     (17408, 5120)    170.0 MiB
layer 20 mlp_up       (17408, 5120)    170.0 MiB
layer 20 mlp_down     (5120, 17408)    170.0 MiB
layer 20 gdn_qkv      (10240, 5120)    100.0 MiB
layer 20 gdn_z        (6144, 5120)     60.0 MiB
layer 20 gdn_out      (5120, 6144)     60.0 MiB
layer 27 mlp_gate     (17408, 5120)    170.0 MiB
layer 27 mlp_up       (17408, 5120)    170.0 MiB
layer 27 mlp_down     (5120, 17408)    170.0 MiB
layer 27 attn_q_gate  (12288, 5120)    120.0 MiB
layer 27 attn_k       (1024, 5120)     10.0 MiB
layer 27 attn_v       (1024, 5120)     10.0 MiB
layer 27 o_proj       (5120, 6144)     60.0 MiB
layer 32 mlp_gate     (17408, 5120)    170.0 MiB
layer 32 mlp_up       (17408, 5120)    170.0 MiB
layer 32 mlp_down     (5120, 17408)    170.0 MiB
layer 32 gdn_qkv      (10240, 5120)    100.0 MiB
layer 32 gdn_z        (6144, 5120)     60.0 MiB
layer 32 gdn_out      (5120, 6144)     60.0 MiB
layer 39 mlp_gate     (17408, 5120)    170.0 MiB
layer 39 mlp_up       (17408, 5120)    170.0 MiB
layer 39 mlp_down     (5120, 17408)    170.0 MiB
layer 39 attn_q_gate  (12288, 5120)    120.0 MiB
layer 39 attn_k       (1024, 5120)     10.0 MiB
layer 39 attn_v       (1024, 5120)     10.0 MiB
layer 39 o_proj       (5120, 6144)     60.0 MiB
layer 44 mlp_gate     (17408, 5120)    170.0 MiB
layer 44 mlp_up       (17408, 5120)    170.0 MiB
layer 44 mlp_down     (5120, 17408)    170.0 MiB
layer 44 gdn_qkv      (10240, 5120)    100.0 MiB
layer 44 gdn_z        (6144, 5120)     60.0 MiB
layer 44 gdn_out      (5120, 6144)     60.0 MiB
layer 51 mlp_gate     (17408, 5120)    170.0 MiB
layer 51 mlp_up       (17408, 5120)    170.0 MiB
layer 51 mlp_down     (5120, 17408)    170.0 MiB
layer 51 attn_q_gate  (12288, 5120)    120.0 MiB
layer 51 attn_k       (1024, 5120)     10.0 MiB
layer 51 attn_v       (1024, 5120)     10.0 MiB
layer 51 o_proj       (5120, 6144)     60.0 MiB
layer 56 mlp_gate     (17408, 5120)    170.0 MiB
layer 56 mlp_up       (17408, 5120)    170.0 MiB
layer 56 mlp_down     (5120, 17408)    170.0 MiB
layer 56 gdn_qkv      (10240, 5120)    100.0 MiB
layer 56 gdn_z        (6144, 5120)     60.0 MiB
layer 56 gdn_out      (5120, 6144)     60.0 MiB
layer 63 mlp_gate     (17408, 5120)    170.0 MiB
layer 63 mlp_up       (17408, 5120)    170.0 MiB
layer 63 mlp_down     (5120, 17408)    170.0 MiB
layer 63 attn_q_gate  (12288, 5120)    120.0 MiB
layer 63 attn_k       (1024, 5120)     10.0 MiB
layer 63 attn_v       (1024, 5120)     10.0 MiB
layer 63 o_proj       (5120, 6144)     60.0 MiB
downloaded 8.44 GiB into /root/qwen_w
